1. dtw_pair vs slow DTW, 200 random cases: max error 5.33e-15
2. whole-video cost, reference vs same task / vs other tasks (CLIP):
   BoilNoodles              same 0.242±0.049  other 0.325±0.044
   ChangeTonerCartridge     same 0.235±0.023  other 0.391±0.049
   CookOmelet               same 0.214±0.030  other 0.339±0.045
   MakeBurger               same 0.312±0.033  other 0.364±0.037
   MakeMatchaTea            same 0.265±0.066  other 0.352±0.043
   MakeOrangeJuice          same 0.277±0.029  other 0.338±0.053
   MakePickles              same 0.297±0.029  other 0.334±0.040
   MakeStrawberrySmoothie   same 0.308±0.054  other 0.378±0.049
   ReplaceSIMCard           same 0.200±0.033  other 0.391±0.048
   Transplant               same 0.257±0.046  other 0.399±0.035
3. step specificity (CLIP, all pairs):
   BoilNoodles              same-step 0.304 diff-step 0.305 gap 0.000 | step costs corr 0.37, pair explains 66%
   ChangeTonerCartridge     same-step 0.216 diff-step 0.232 gap 0.016 | step costs corr 0.72, pair explains 78%
   CookOmelet               same-step 0.264 diff-step 0.279 gap 0.015 | step costs corr 0.63, pair explains 30%
   MakeBurger               same-step 0.322 diff-step 0.364 gap 0.042 | step costs corr 0.55, pair explains 57%
   MakeMatchaTea            same-step 0.341 diff-step 0.342 gap 0.001 | step costs corr 0.79, pair explains 84%
   MakeOrangeJuice          same-step 0.325 diff-step 0.340 gap 0.015 | step costs corr 0.64, pair explains 67%
   MakePickles              same-step 0.325 diff-step 0.331 gap 0.005 | step costs corr 0.65, pair explains 64%
   MakeStrawberrySmoothie   same-step 0.308 diff-step 0.316 gap 0.009 | step costs corr 0.47, pair explains 61%
   ReplaceSIMCard           same-step 0.219 diff-step 0.231 gap 0.011 | step costs corr 0.37, pair explains 50%
   Transplant               same-step 0.328 diff-step 0.329 gap 0.001 | step costs corr 0.75, pair explains 81%
4. histogram feature energy: hue 0.4%, saturation 1.1%, gradients 98.5%
