2026-10-05 13:51:59 UseRiceCookerToCookRice: 31 of 101 annotated share ['take out some rice', 'soak and wash the rice', 'put the washed rice into the rice cooker', 'cook the rice by rice cooker']
2026-10-05 13:52:00 [1/31] -eed1Kz-3DE
2026-10-05 13:52:02 [2/31] 5HLDOGNnIRM
2026-10-05 13:52:04 [3/31] 5dlHj9EUM34
2026-10-05 13:52:05 [4/31] C8Q1LzbCie0
2026-10-05 13:52:06 [5/31] Dkkj-SnMoIQ
2026-10-05 13:52:07 [6/31] FVMUZh1U2pA
2026-10-05 13:52:08 [7/31] HC2ShTEWufk
2026-10-05 13:52:09 [8/31] J9beS6ijo1A
2026-10-05 13:52:10 [9/31] JdV6Qlhldcc
2026-10-05 13:52:11 [10/31] LebQFI7RSDc
2026-10-05 13:52:12 [11/31] McN-mX1Vw4w
2026-10-05 13:52:13 [12/31] NadlIM8GD4U
2026-10-05 13:52:16 [13/31] P6A_Hatooc8
2026-10-05 13:52:18 [14/31] TUF1Onz9RKQ
2026-10-05 13:52:19 [15/31] VUWV9rEme7c
2026-10-05 13:52:21 [16/31] XQRTf_o_Fqk
2026-10-05 13:52:23 [17/31] Yy6C5rqIdiY
2026-10-05 13:52:24 [18/31] _C60n2pX-pI
2026-10-05 13:52:25 [19/31] dPHa3neuweU
2026-10-05 13:52:26 [20/31] eB6ZjmlmEG0
2026-10-05 13:52:28 [21/31] eIfuW2Xozoc
2026-10-05 13:52:29 [22/31] fRB5TBkh3Uw
2026-10-05 13:52:31 [23/31] i_3EvG8JvzE
2026-10-05 13:52:31 [24/31] j1GlPFg-4_Y
2026-10-05 13:52:33 [25/31] ljT2vI4efKo
2026-10-05 13:52:35 [26/31] mko4kT_UHYc
2026-10-05 13:52:36 [27/31] nXSLpxsXlrw
2026-10-05 13:52:38 [28/31] syx4yrqdnxU
2026-10-05 13:52:39 [29/31] u0VHcJXypxw
2026-10-05 13:52:39 [30/31] wekw3n8Vrv8
2026-10-05 13:52:40 [31/31] yJlipxO1S4U
2026-10-05 13:52:40 MakePaperWindMill: 25 of 106 annotated share ['fold the edges of the paper', 'cut along the edges', 'fold the squares inward and fix them', 'fix the wind mill on the bracket']
2026-10-05 13:52:41 [1/25] 2hXFndxddUk
2026-10-05 13:52:43 [2/25] 3vC5iDUT21E
2026-10-05 13:52:44 [3/25] 4ufBW5Cfpgw
2026-10-05 13:52:46 [4/25] 7Kkf5AD0pqk
2026-10-05 13:52:48 [5/25] I33S4c7zrcg
2026-10-05 13:52:48 [6/25] Ii1mFpJKZqM
2026-10-05 13:52:51 [7/25] JhN6Yntahqs
2026-10-05 13:52:53 [8/25] K4J1UeQATdU
2026-10-05 13:52:54 [9/25] Rqnt7wptU_Y
2026-10-05 13:52:56 [10/25] ShI_3qzmXJg
2026-10-05 13:52:56 [11/25] TULczOB5joI
2026-10-05 13:52:58 [12/25] VPKdkn39HqI
2026-10-05 13:53:00 [13/25] ZCxYhx-qpL0
2026-10-05 13:53:02 [14/25] e7p9QHRmd4k
2026-10-05 13:53:05 [15/25] gyqkYYIxz3c
2026-10-05 13:53:06 [16/25] kQCn-uR5_Pg
2026-10-05 13:53:08 [17/25] oJROqzluTgI
2026-10-05 13:53:10 [18/25] pQa9H3RTRTY
2026-10-05 13:53:12 [19/25] phf_FGejg8o
2026-10-05 13:53:13 [20/25] pu9Xpym242M
2026-10-05 13:53:15 [21/25] wP2YPdpzdI0
2026-10-05 13:53:16 [22/25] wtEQ0vsNaFo
2026-10-05 13:53:18 [23/25] xeR7eBdNGUQ
2026-10-05 13:53:20 [24/25] zV8ruZtvXyI
2026-10-05 13:53:21 [25/25] zppd4UrccXA
2026-10-05 13:53:21 PutOnQuiltCover: 26 of 40 annotated share ['put nicely and align the quilt and the cover', 'roll the quilt cover and the quilt together', 'take out the quilt cover from another side', 'put and arrange nicely']
2026-10-05 13:53:22 [1/26] Cf-qdR2-a-U
2026-10-05 13:53:23 [2/26] DA6HxZUH7VQ
2026-10-05 13:53:24 [3/26] Dt0wmPNFvr8
2026-10-05 13:53:26 [4/26] ETp9-vEIa2M
2026-10-05 13:53:28 [5/26] H52vAkIp80A
2026-10-05 13:53:29 [6/26] Hg937Un-km8
2026-10-05 13:53:32 [7/26] K-a36PqpUxM
2026-10-05 13:53:32 [8/26] KjHOvpOLhUQ
2026-10-05 13:53:34 [9/26] OWXhAz3kMxM
2026-10-05 13:53:35 [10/26] Q4vBGQXUKj4
2026-10-05 13:53:35 [11/26] QdgbKt0suWE
2026-10-05 13:53:37 [12/26] RmiuR14GDsI
2026-10-05 13:53:39 [13/26] TB3I5tFyukQ
2026-10-05 13:53:40 [14/26] TJHBpquawcE
2026-10-05 13:53:41 [15/26] c1IzS2oBBN0
2026-10-05 13:53:44 [16/26] fFhdoyRkwzk
2026-10-05 13:53:45 [17/26] jetCqIkjkpU
2026-10-05 13:53:46 [18/26] kAfYt-TN1EQ
2026-10-05 13:53:47 [19/26] kify7wrGgF8
2026-10-05 13:53:47 [20/26] mX8e0cUBpaI
2026-10-05 13:53:50 [21/26] nO9n_GYSDAc
2026-10-05 13:53:51 [22/26] okrhaW5PuAU
2026-10-05 13:53:52 [23/26] p_zcYRKjFEs
2026-10-05 13:53:54 [24/26] u-ZPjYbTI6U
2026-10-05 13:53:54 [25/26] u6YiXoFOJF0
2026-10-05 13:53:55 [26/26] uy-dcjCe-g8
