2026-10-05 14:32:36 ReplaceSIMCard [1/48] 0b6joFdBwUw
2026-10-05 14:32:36 ReplaceSIMCard [2/48] 2Lk9SO8DIVk
2026-10-05 14:32:38 ReplaceSIMCard [3/48] 4PkwcBoEpuw
2026-10-05 14:32:39 ReplaceSIMCard [4/48] 50dWHdvU5cA
2026-10-05 14:32:40 ReplaceSIMCard [5/48] 6PgT3YTghW0
2026-10-05 14:32:45 ReplaceSIMCard [6/48] 8J13YRXw0Sk
2026-10-05 14:32:47 ReplaceSIMCard [7/48] 8_-nQFpNAl4
2026-10-05 14:32:49 ReplaceSIMCard [8/48] 93GnoFu-5ho
2026-10-05 14:32:49 ReplaceSIMCard [9/48] ASUDRGkdWWA
2026-10-05 14:32:49 ReplaceSIMCard [10/48] B0oEvirFJas
2026-10-05 14:32:51 ReplaceSIMCard [11/48] C9w4V0cd7_w
2026-10-05 14:32:53 ReplaceSIMCard [12/48] CG8Xh4bRw5Q
2026-10-05 14:32:55 ReplaceSIMCard [13/48] DRKF_C-dA5o
2026-10-05 14:32:56 ReplaceSIMCard [14/48] GMuuN6HDBDE
2026-10-05 14:32:58 ReplaceSIMCard [15/48] Gjiomnfp2KY
2026-10-05 14:32:58 ReplaceSIMCard [16/48] GoQpmUSHstw
2026-10-05 14:33:00 ReplaceSIMCard [17/48] JsJbj8RmNdo
2026-10-05 14:33:01 ReplaceSIMCard [18/48] O91Tl8lB5J4
2026-10-05 14:33:03 ReplaceSIMCard [19/48] OHCLCTFJFlw
2026-10-05 14:33:06 ReplaceSIMCard [20/48] Ong3oLo72bU
2026-10-05 14:33:07 ReplaceSIMCard [21/48] PyDMx39d3_I
2026-10-05 14:33:08 ReplaceSIMCard [22/48] QLHYfvfVY7k
2026-10-05 14:33:10 ReplaceSIMCard [23/48] QvrF7WmDRFE
2026-10-05 14:33:12 ReplaceSIMCard [24/48] RCIoDkl5jV0
2026-10-05 14:33:12 ReplaceSIMCard [25/48] RozBliBcXlA
2026-10-05 14:33:14 ReplaceSIMCard [26/48] TI2K6-ykoC8
2026-10-05 14:33:15 ReplaceSIMCard [27/48] UjRs9rfVm2A
2026-10-05 14:33:15 ReplaceSIMCard [28/48] V_BwPfCh1Z0
2026-10-05 14:33:17 ReplaceSIMCard [29/48] VaET7EoFWHI
2026-10-05 14:33:20 ReplaceSIMCard [30/48] Vn9h2KKyTeE
2026-10-05 14:33:21 ReplaceSIMCard [31/48] YXdYQlGonRw
2026-10-05 14:33:23 ReplaceSIMCard [32/48] ZWMROBj5WR4
2026-10-05 14:33:25 ReplaceSIMCard [33/48] aOAnYbHdqsI
2026-10-05 14:33:25 ReplaceSIMCard [34/48] cPmPYw3lzIw
2026-10-05 14:33:26 ReplaceSIMCard [35/48] cRUX7Roqxbk
2026-10-05 14:33:27 ReplaceSIMCard [36/48] gfNUu4DjZ3Q
2026-10-05 14:33:28 ReplaceSIMCard [37/48] iKW_TX4fsGQ
2026-10-05 14:33:28 ReplaceSIMCard [38/48] jaTb_TJTiAM
2026-10-05 14:33:30 ReplaceSIMCard [39/48] jwFQu_beN_U
2026-10-05 14:33:32 ReplaceSIMCard [40/48] lKBwkhmx8qI
2026-10-05 14:33:34 ReplaceSIMCard [41/48] nZcn0axMKM0
2026-10-05 14:33:34 ReplaceSIMCard [42/48] qkguKz3BrJI
2026-10-05 14:33:37 ReplaceSIMCard [43/48] rhHGfAz_who
2026-10-05 14:33:38 ReplaceSIMCard [44/48] vnshhQ3ExUw
2026-10-05 14:33:39 ReplaceSIMCard [45/48] wqusEcBLfBU
2026-10-05 14:33:40 ReplaceSIMCard [46/48] xW09r26n_vU
2026-10-05 14:33:44 ReplaceSIMCard [47/48] zRtZbAQMhjw
2026-10-05 14:33:44 ReplaceSIMCard [48/48] ziEpBwJ1TOg
2026-10-05 14:33:44 MakeStrawberrySmoothie [1/17] -3C-VGhs2mo
2026-10-05 14:33:44 MakeStrawberrySmoothie [2/17] 2T1Et9xE5IQ
2026-10-05 14:33:44 MakeStrawberrySmoothie [3/17] 4z_7hDi2ffQ
2026-10-05 14:33:47 MakeStrawberrySmoothie [4/17] 7U_w-qmK0qw
2026-10-05 14:33:49 MakeStrawberrySmoothie [5/17] 7wNAZK1Y2hY
2026-10-05 14:33:49 MakeStrawberrySmoothie [6/17] B9hdVJVxT2w
2026-10-05 14:33:50 MakeStrawberrySmoothie [7/17] EFITQYoEa0Q
2026-10-05 14:33:51 MakeStrawberrySmoothie [8/17] ELkklM6plPk
2026-10-05 14:33:52 MakeStrawberrySmoothie [9/17] FdkA7ud1-rE
2026-10-05 14:33:52 MakeStrawberrySmoothie [10/17] GGP7GWMFwDI
2026-10-05 14:33:52 MakeStrawberrySmoothie [11/17] TiDNVy5WDd0
2026-10-05 14:33:52 MakeStrawberrySmoothie [12/17] hqQLWgQgzfM
2026-10-05 14:33:52 MakeStrawberrySmoothie [13/17] nZPpXbf5woQ
2026-10-05 14:33:52 MakeStrawberrySmoothie [14/17] ofF5LwTSgng
2026-10-05 14:33:54 MakeStrawberrySmoothie [15/17] rke6C0lLGk0
2026-10-05 14:33:54 MakeStrawberrySmoothie [16/17] uXgn_02G_qY
2026-10-05 14:33:55 MakeStrawberrySmoothie [17/17] wNPLO4B8bZQ
